app/components/DifferenceTable.tsx(120,16): error TS2322: Type '{ children: Element; minInlineSize: string; }' is not assignable to type 'IntrinsicAttributes & BoxProps & RefAttributes<HTMLElement>'.
  Property 'minInlineSize' does not exist on type 'IntrinsicAttributes & BoxProps & RefAttributes<HTMLElement>'.
app/components/DifferenceTable.tsx(136,39): error TS2322: Type 'number' is not assignable to type 'string'.
app/components/DifferenceTable.tsx(141,38): error TS2322: Type 'number' is not assignable to type 'string'.
app/components/DifferenceTable.tsx(157,36): error TS2322: Type 'number' is not assignable to type 'string'.
app/components/DifferenceTable.tsx(160,35): error TS2322: Type 'number' is not assignable to type 'string'.
app/components/IncomingProductList.tsx(44,28): error TS2322: Type 'number' is not assignable to type 'string'.
app/components/IncomingProductList.tsx(54,14): error TS2322: Type '{ children: Element; id: string; accessibilityLabel: string; }' is not assignable to type 'IntrinsicAttributes & ResourceItemProps'.
  Property 'onClick' is missing in type '{ children: Element; id: string; accessibilityLabel: string; }' but required in type 'PropsWithClick'.
app/components/IncomingProductList.tsx(64,40): error TS2322: Type 'number' is not assignable to type 'string'.
app/components/IncomingProductList.tsx(66,24): error TS2322: Type '{ children: string[]; }' is not assignable to type 'IntrinsicAttributes & BadgeProps'.
  Type '{ children: string[]; }' is not assignable to type 'NonMutuallyExclusiveProps'.
    Types of property 'children' are incompatible.
      Type 'string[]' is not assignable to type 'string'.
app/components/ProductsNeededTable.tsx(144,12): error TS2322: Type '{ children: string[]; tone: "success"; size: "medium"; }' is not assignable to type 'IntrinsicAttributes & BadgeProps'.
  Types of property 'children' are incompatible.
    Type 'string[]' is not assignable to type 'string'.
app/components/ProductsNeededTable.tsx(210,18): error TS2322: Type 'number' is not assignable to type 'string'.
app/components/ProductsNeededTable.tsx(211,35): error TS2322: Type 'number' is not assignable to type 'string'.
app/components/ProductsNeededTable.tsx(213,35): error TS2322: Type 'number' is not assignable to type 'string'.
app/components/ProductsNeededTable.tsx(219,22): error TS2322: Type '{ children: Element[]; segmented: true; }' is not assignable to type 'IntrinsicAttributes & ButtonGroupProps'.
  Property 'segmented' does not exist on type 'IntrinsicAttributes & ButtonGroupProps'.
app/components/TerminatedProductsList.tsx(75,40): error TS2322: Type 'number' is not assignable to type 'string'.
app/components/TerminatedProductsList.tsx(76,39): error TS2322: Type 'number' is not assignable to type 'string'.
app/components/TerminatedProductsList.tsx(79,19): error TS2322: Type '(e: any) => void' is not assignable to type '() => unknown'.
  Target signature provides too few arguments. Expected 1 or more, but got 0.
app/components/TerminatedProductsList.tsx(79,29): error TS7006: Parameter 'e' implicitly has an 'any' type.
app/components/TerminatedProductsList.tsx(112,38): error TS2322: Type 'number' is not assignable to type 'string'.
app/components/TerminatedProductsList.tsx(148,32): error TS2322: Type 'number' is not assignable to type 'string'.
app/components/UnconfirmedCodList.tsx(82,41): error TS2322: Type 'number' is not assignable to type 'string'.
app/components/UnconfirmedCodList.tsx(103,16): error TS2322: Type 'number' is not assignable to type 'string'.
app/components/UnconfirmedCodList.tsx(178,34): error TS2322: Type 'number' is not assignable to type 'string'.
app/components/UnconfirmedCodList.tsx(179,33): error TS2322: Type 'number' is not assignable to type 'string'.
app/components/UnconfirmedCodList.tsx(180,12): error TS2322: Type '{ children: string[]; }' is not assignable to type 'IntrinsicAttributes & BadgeProps'.
  Type '{ children: string[]; }' is not assignable to type 'NonMutuallyExclusiveProps'.
    Types of property 'children' are incompatible.
      Type 'string[]' is not assignable to type 'string'.
app/routes/app._index.tsx(475,27): error TS2322: Type '"oneQuarter"' is not assignable to type '"oneHalf" | "oneThird" | "fullWidth" | undefined'.
app/routes/app._index.tsx(484,27): error TS2322: Type '"oneQuarter"' is not assignable to type '"oneHalf" | "oneThird" | "fullWidth" | undefined'.
app/routes/app._index.tsx(493,27): error TS2322: Type '"oneQuarter"' is not assignable to type '"oneHalf" | "oneThird" | "fullWidth" | undefined'.
app/routes/app._index.tsx(502,27): error TS2322: Type '"oneQuarter"' is not assignable to type '"oneHalf" | "oneThird" | "fullWidth" | undefined'.
app/routes/app._index.tsx(530,19): error TS2322: Type 'number' is not assignable to type 'string'.
app/routes/app._index.tsx(530,37): error TS2322: Type 'number' is not assignable to type 'string'.
app/routes/app._index.tsx(530,75): error TS2322: Type 'number' is not assignable to type 'string'.
app/routes/app.api.product-variants.tsx(46,14): error TS2339: Property 'errors' does not exist on type 'FetchResponseBody<any>'.
app/routes/app.api.product-variants.tsx(47,45): error TS2339: Property 'errors' does not exist on type 'FetchResponseBody<any>'.
app/routes/app.reports.tsx(22,3): error TS2724: '"@shopify/polaris-icons"' has no exported member named 'ChartUpIcon'. Did you mean 'CartUpIcon'?
app/routes/app.reports.tsx(206,26): error TS2322: Type '{ children: string[]; tone: "critical" | "success"; }' is not assignable to type 'IntrinsicAttributes & BadgeProps'.
  Types of property 'children' are incompatible.
    Type 'string[]' is not assignable to type 'string'.
app/routes/app.reports.tsx(215,26): error TS2322: Type '{ children: string[]; tone: "critical" | "success"; }' is not assignable to type 'IntrinsicAttributes & BadgeProps'.
  Types of property 'children' are incompatible.
    Type 'string[]' is not assignable to type 'string'.
app/services/fixed-costs.server.ts(2,15): error TS2305: Module '"@prisma/client"' has no exported member 'FixedCost'.
app/services/fixed-costs.server.ts(7,17): error TS2339: Property 'fixedCost' does not exist on type 'PrismaClient<PrismaClientOptions, never, DefaultArgs>'.
app/services/fixed-costs.server.ts(19,17): error TS2339: Property 'fixedCost' does not exist on type 'PrismaClient<PrismaClientOptions, never, DefaultArgs>'.
app/services/fixed-costs.server.ts(29,17): error TS2339: Property 'fixedCost' does not exist on type 'PrismaClient<PrismaClientOptions, never, DefaultArgs>'.
app/services/fixed-costs.server.ts(36,16): error TS2339: Property 'fixedCost' does not exist on type 'PrismaClient<PrismaClientOptions, never, DefaultArgs>'.
app/services/orders.server.ts(206,35): error TS7006: Parameter 'g' implicitly has an 'any' type.
app/services/orders.server.ts(215,10): error TS7006: Parameter 'tag' implicitly has an 'any' type.
app/services/orders.server.ts(228,20): error TS7006: Parameter 'e' implicitly has an 'any' type.
app/services/orders.server.ts(229,17): error TS7006: Parameter 'e' implicitly has an 'any' type.
app/services/orders.server.ts(236,41): error TS7006: Parameter 'sum' implicitly has an 'any' type.
app/services/orders.server.ts(236,46): error TS7006: Parameter 'i' implicitly has an 'any' type.
app/services/profit.server.ts(103,13): error TS7022: 'response' implicitly has type 'any' because it does not have a type annotation and is referenced directly or indirectly in its own initializer.
app/services/profit.server.ts(106,13): error TS7022: 'json' implicitly has type 'any' because it does not have a type annotation and is referenced directly or indirectly in its own initializer.
app/services/profit.server.ts(117,15): error TS7022: 'orders' implicitly has type 'any' because it does not have a type annotation and is referenced directly or indirectly in its own initializer.
app/services/reports.server.ts(62,13): error TS7022: 'response' implicitly has type 'any' because it does not have a type annotation and is referenced directly or indirectly in its own initializer.
app/services/reports.server.ts(65,13): error TS7022: 'json' implicitly has type 'any' because it does not have a type annotation and is referenced directly or indirectly in its own initializer.
app/services/reports.server.ts(76,15): error TS7022: 'orders' implicitly has type 'any' because it does not have a type annotation and is referenced directly or indirectly in its own initializer.
app/services/settings.server.ts(2,15): error TS2305: Module '"@prisma/client"' has no exported member 'DashboardSettings'.
app/services/settings.server.ts(11,31): error TS2339: Property 'dashboardSettings' does not exist on type 'PrismaClient<PrismaClientOptions, never, DefaultArgs>'.
app/services/settings.server.ts(16,29): error TS2339: Property 'dashboardSettings' does not exist on type 'PrismaClient<PrismaClientOptions, never, DefaultArgs>'.
app/services/settings.server.ts(31,17): error TS2339: Property 'dashboardSettings' does not exist on type 'PrismaClient<PrismaClientOptions, never, DefaultArgs>'.
app/shopify.server.ts(17,3): error TS2322: Type 'PrismaSessionStorage<PrismaClient<PrismaClientOptions, never, DefaultArgs>>' is not assignable to type 'SessionStorage'.
  Types of property 'storeSession' are incompatible.
    Type '(session: import("/Users/pasqualemanzulli/Desktop/Listino prezzi/shopify-order-manager/node_modules/@shopify/shopify-api/dist/ts/lib/session/session").Session) => Promise<...>' is not assignable to type '(session: import("/Users/pasqualemanzulli/Desktop/Listino prezzi/shopify-order-manager/node_modules/@shopify/shopify-app-remix/node_modules/@shopify/shopify-api/dist/ts/lib/session/session").Session) => Promise<...>'.
      Types of parameters 'session' and 'session' are incompatible.
        Type 'import("/Users/pasqualemanzulli/Desktop/Listino prezzi/shopify-order-manager/node_modules/@shopify/shopify-app-remix/node_modules/@shopify/shopify-api/dist/ts/lib/session/session").Session' is not assignable to type 'import("/Users/pasqualemanzulli/Desktop/Listino prezzi/shopify-order-manager/node_modules/@shopify/shopify-api/dist/ts/lib/session/session").Session'.
          Types of property 'isActive' are incompatible.
            Type '(scopes: string | string[] | import("/Users/pasqualemanzulli/Desktop/Listino prezzi/shopify-order-manager/node_modules/@shopify/shopify-app-remix/node_modules/@shopify/shopify-api/dist/ts/lib/auth/scopes/index").AuthScopes | undefined, withinMillisecondsOfExpiry?: number | undefined) => boolean' is not assignable to type '(scopes: string | string[] | import("/Users/pasqualemanzulli/Desktop/Listino prezzi/shopify-order-manager/node_modules/@shopify/shopify-api/dist/ts/lib/auth/scopes/index").AuthScopes | undefined, withinMillisecondsOfExpiry?: number | undefined) => boolean'.
              Types of parameters 'scopes' and 'scopes' are incompatible.
                Type 'string | string[] | import("/Users/pasqualemanzulli/Desktop/Listino prezzi/shopify-order-manager/node_modules/@shopify/shopify-api/dist/ts/lib/auth/scopes/index").AuthScopes | undefined' is not assignable to type 'string | string[] | import("/Users/pasqualemanzulli/Desktop/Listino prezzi/shopify-order-manager/node_modules/@shopify/shopify-app-remix/node_modules/@shopify/shopify-api/dist/ts/lib/auth/scopes/index").AuthScopes | undefined'.
                  Type 'AuthScopes' is not assignable to type 'string | string[] | AuthScopes | undefined'.
                    Type 'import("/Users/pasqualemanzulli/Desktop/Listino prezzi/shopify-order-manager/node_modules/@shopify/shopify-api/dist/ts/lib/auth/scopes/index").AuthScopes' is not assignable to type 'import("/Users/pasqualemanzulli/Desktop/Listino prezzi/shopify-order-manager/node_modules/@shopify/shopify-app-remix/node_modules/@shopify/shopify-api/dist/ts/lib/auth/scopes/index").AuthScopes'.
                      Types have separate declarations of a private property 'compressedScopes'.
